tm_stm32_rtc.c:64:10:TM_RTC_Init	40	static
tm_stm32_rtc.c:139:17:TM_RTC_SetDateTime	40	static
tm_stm32_rtc.c:210:17:TM_RTC_SetDateTimeString	40	static
tm_stm32_rtc.c:274:17:TM_RTC_GetDateTime	24	static
tm_stm32_rtc.c:313:9:TM_RTC_GetDaysInMonth	16	static
tm_stm32_rtc.c:327:10:TM_RTC_GetDaysInYear	16	static
tm_stm32_rtc.c:332:6:TM_RTC_Config	80	static
tm_stm32_rtc.c:366:17:TM_RTC_Interrupts	24	static
tm_stm32_rtc.c:418:10:TM_RTC_GetUnixTimeStamp	32	static
tm_stm32_rtc.c:445:17:TM_RTC_GetDateTimeFromUnix	24	static
tm_stm32_rtc.c:510:17:TM_RTC_EnableAlarm	56	static
tm_stm32_rtc.c:569:17:TM_RTC_DisableAlarm	16	static
tm_stm32_rtc.c:580:6:TM_RTC_WriteBackupRegister	16	static
tm_stm32_rtc.c:585:10:TM_RTC_ReadBackupRegister	16	static
tm_stm32_rtc.c:591:13:TM_RTC_WakeupHandler	4	static
tm_stm32_rtc.c:595:13:TM_RTC_AlarmAHandler	4	static
tm_stm32_rtc.c:599:13:TM_RTC_AlarmBHandler	4	static
tm_stm32_rtc.c:604:6:RTC_WKUP_IRQHandler	8	static
tm_stm32_rtc.c:618:6:RTC_Alarm_IRQHandler	8	static
