bands.c:583:13:deinterleave_hadamard	40	dynamic
bands.c:609:13:interleave_hadamard	40	dynamic
bands.c:944:17:quant_partition	112	static
bands.c:1110:17:quant_band	88	static
bands.c:1236:17:quant_band_stereo	128	static
bands.c:46:5:hysteresis_decision	8	static
bands.c:61:13:celt_lcg_rand	0	static
bands.c:68:12:bitexact_cos	4	static
bands.c:80:5:bitexact_log2tan	16	static
bands.c:159:6:compute_band_energies	64	static
bands.c:177:6:normalise_bands	48	static
bands.c:196:6:denormalise_bands	88	static
bands.c:268:6:anti_collapse	104	static
bands.c:479:5:spreading_decision	72	static
bands.c:632:6:haar1	16	static
bands.c:1397:6:quant_all_bands	1824	dynamic
