celt_encoder.c:970:19:dynalloc_analysis	136	dynamic
celt_encoder.c:227:12:transient_analysis	136	dynamic
celt_encoder.c:450:13:compute_mdcts	104	static
celt_encoder.c:1165:12:run_prefilter.isra.5	144	dynamic
celt_encoder.c:584:12:tf_analysis.isra.6	152	dynamic
celt_encoder.c:130:5:celt_encoder_get_size	8	static
celt_encoder.c:496:6:celt_preemphasis	40	static
celt_encoder.c:1408:5:celt_encode_with_ec	544	dynamic
celt_encoder.c:2409:5:opus_custom_encoder_ctl	36	static
celt_encoder.c:207:5:celt_encoder_init	32	static
