cJSON_Utils.c:81:12:compare_strings	12	static
cJSON_Utils.c:1086:13:compose_patch.part.5	32	static
cJSON_Utils.c:1311:15:merge_patch.part.7	24	static
cJSON_Utils.c:476:15:sort_list	40	static
cJSON_Utils.c:596:19:compare_json	24	static
cJSON_Utils.c:1380:15:generate_merge_patch.part.8	32	static
cJSON_Utils.c:297:15:get_item_from_pointer.part.2	24	static
cJSON_Utils.c:422:15:detach_path	32	static
cJSON_Utils.c:799:12:apply_patch	72	static
cJSON_Utils.c:1131:13:create_patches.part.6	56	static
cJSON_Utils.c:194:22:cJSONUtils_FindPointerFromObjectTo	24	static
cJSON_Utils.c:344:23:cJSONUtils_GetPointer	0	static
cJSON_Utils.c:349:23:cJSONUtils_GetPointerCaseSensitive	0	static
cJSON_Utils.c:1028:19:cJSONUtils_ApplyPatches	16	static
cJSON_Utils.c:1057:19:cJSONUtils_ApplyPatchesCaseSensitive	16	static
cJSON_Utils.c:1126:20:cJSONUtils_AddPatchToArray	24	static
cJSON_Utils.c:1271:23:cJSONUtils_GeneratePatches	24	static
cJSON_Utils.c:1286:23:cJSONUtils_GeneratePatchesCaseSensitive	24	static
cJSON_Utils.c:1301:20:cJSONUtils_SortObject	8	static
cJSON_Utils.c:1306:20:cJSONUtils_SortObjectCaseSensitive	8	static
cJSON_Utils.c:1370:23:cJSONUtils_MergePatch	16	static
cJSON_Utils.c:1375:23:cJSONUtils_MergePatchCaseSensitive	16	static
cJSON_Utils.c:1458:23:cJSONUtils_GenerateMergePatch	16	static
cJSON_Utils.c:1463:23:cJSONUtils_GenerateMergePatchCaseSensitive	16	static
