cJSON.c:383:23:ensure	16	static
cJSON.c:1788:15:get_object_item	24	static
cJSON.c:843:19:print_string_ptr.part.5	40	static
cJSON.c:1283:19:print_value.part.8	72	static
cJSON.c:1103:23:print.constprop	64	static
cJSON.c:1915:19:add_item_to_object.part.4.constprop	32	static
cJSON.c:714:19:parse_string.isra.0	40	static
cJSON.c:77:28:cJSON_GetErrorPtr	0	static
cJSON.c:82:22:cJSON_GetStringValue	0	static
cJSON.c:95:27:cJSON_Version	16	static
cJSON.c:180:20:cJSON_InitHooks	8	static
cJSON.c:224:20:cJSON_Delete	16	static
cJSON.c:1228:19:parse_value	120	static
cJSON.c:353:22:cJSON_SetNumberHelper	16	static
cJSON.c:1016:23:cJSON_ParseWithOpts	72	static
cJSON.c:1096:23:cJSON_Parse	64	static
cJSON.c:1168:22:cJSON_Print	0	static
cJSON.c:1173:22:cJSON_PrintUnformatted	0	static
cJSON.c:1178:22:cJSON_PrintBuffered	64	static
cJSON.c:1208:26:cJSON_PrintPreallocated	64	static
cJSON.c:1736:19:cJSON_GetArraySize	0	static
cJSON.c:1778:23:cJSON_GetArrayItem	0	static
cJSON.c:1820:23:cJSON_GetObjectItem	0	static
cJSON.c:1825:23:cJSON_GetObjectItemCaseSensitive	16	static
cJSON.c:1830:26:cJSON_HasObjectItem	8	static
cJSON.c:1894:20:cJSON_AddItemToArray	0	static
cJSON.c:1952:20:cJSON_AddItemToObject	32	static
cJSON.c:1958:20:cJSON_AddItemToObjectCS	24	static
cJSON.c:1963:20:cJSON_AddItemReferenceToArray	24	static
cJSON.c:1973:20:cJSON_AddItemReferenceToObject	32	static
cJSON.c:1983:22:cJSON_AddNullToObject	16	static
cJSON.c:1995:22:cJSON_AddTrueToObject	16	static
cJSON.c:2007:22:cJSON_AddFalseToObject	16	static
cJSON.c:2019:22:cJSON_AddBoolToObject	24	static
cJSON.c:2031:22:cJSON_AddNumberToObject	24	static
cJSON.c:2043:22:cJSON_AddStringToObject	32	static
cJSON.c:2055:22:cJSON_AddRawToObject	32	static
cJSON.c:2067:22:cJSON_AddObjectToObject	16	static
cJSON.c:2079:22:cJSON_AddArrayToObject	16	static
cJSON.c:2091:23:cJSON_DetachItemViaPointer	0	static
cJSON.c:2121:23:cJSON_DetachItemFromArray	4	static
cJSON.c:2131:20:cJSON_DeleteItemFromArray	4	static
cJSON.c:2136:23:cJSON_DetachItemFromObject	8	static
cJSON.c:2143:23:cJSON_DetachItemFromObjectCaseSensitive	24	static
cJSON.c:2150:20:cJSON_DeleteItemFromObject	8	static
cJSON.c:2155:20:cJSON_DeleteItemFromObjectCaseSensitive	24	static
cJSON.c:2161:20:cJSON_InsertItemInArray	4	static
cJSON.c:2190:26:cJSON_ReplaceItemViaPointer	16	static
cJSON.c:2225:20:cJSON_ReplaceItemInArray	16	static
cJSON.c:2255:20:cJSON_ReplaceItemInObject	24	static
cJSON.c:2260:20:cJSON_ReplaceItemInObjectCaseSensitive	24	static
cJSON.c:2266:23:cJSON_CreateNull	8	static
cJSON.c:2277:23:cJSON_CreateTrue	8	static
cJSON.c:2288:23:cJSON_CreateFalse	8	static
cJSON.c:2299:23:cJSON_CreateBool	16	static
cJSON.c:2310:23:cJSON_CreateNumber	16	static
cJSON.c:2336:23:cJSON_CreateString	24	static
cJSON.c:2353:23:cJSON_CreateStringReference	16	static
cJSON.c:2365:23:cJSON_CreateObjectReference	16	static
cJSON.c:2376:23:cJSON_CreateArrayReference	16	static
cJSON.c:2386:23:cJSON_CreateRaw	24	static
cJSON.c:2403:23:cJSON_CreateArray	8	static
cJSON.c:2414:23:cJSON_CreateObject	8	static
cJSON.c:2426:23:cJSON_CreateIntArray	40	static
cJSON.c:2461:23:cJSON_CreateFloatArray	56	static
cJSON.c:2497:23:cJSON_CreateDoubleArray	48	static
cJSON.c:2533:23:cJSON_CreateStringArray	48	static
cJSON.c:2570:23:cJSON_Duplicate	32	static
cJSON.c:2698:20:cJSON_Minify	12	static
cJSON.c:2746:26:cJSON_IsInvalid	0	static
cJSON.c:2756:26:cJSON_IsFalse	0	static
cJSON.c:2766:26:cJSON_IsTrue	0	static
cJSON.c:2777:26:cJSON_IsBool	0	static
cJSON.c:2786:26:cJSON_IsNull	0	static
cJSON.c:2796:26:cJSON_IsNumber	0	static
cJSON.c:2806:26:cJSON_IsString	0	static
cJSON.c:2816:26:cJSON_IsArray	0	static
cJSON.c:2826:26:cJSON_IsObject	0	static
cJSON.c:2836:26:cJSON_IsRaw	0	static
cJSON.c:2846:26:cJSON_Compare	24	static
cJSON.c:2971:22:cJSON_malloc	0	static
cJSON.c:2976:20:cJSON_free	0	static
